// Jest Snapshot v1, https://jestjs.io/docs/snapshot-testing

exports[`Program Attachments should list all attachments for a program 1`] = `
{
  "created": Any<String>,
  "filename": "Test Image.jpg",
  "id": 1,
  "mimetype": "image/jpeg",
  "programId": 2,
  "updated": Any<String>,
  "user": {
    "id": 1,
    "username": "admin@example.org",
  },
}
`;
