// Jest Snapshot v1, https://goo.gl/fbAQLP

exports[`Update chosen FSP of PA should fail when updating chosen FSP when a required property of new FSP is not yet present 1`] = `
{
  "message": "addressStreet: Cannot update 'addressStreet' is required for the FSP: 'Intersolve-visa', addressHouseNumber: Cannot update 'addressHouseNumber' is required for the FSP: 'Intersolve-visa', addressPostalCode: Cannot update 'addressPostalCode' is required for the FSP: 'Intersolve-visa', addressCity: Cannot update 'addressCity' is required for the FSP: 'Intersolve-visa'",
  "statusCode": 400,
}
`;
