// Jest Snapshot v1, https://goo.gl/fbAQLP

exports[`NedbankApiService createOrder should throw an error if create order fails 1`] = `[NedbankError: Errors: Request Validation Error - TPP account configuration mismatch (Message: NB.APIM.Field.Invalid, Code: NB.APIM.Field.Invalid, Id: 1d3e3076-9e1c-4933-aa7f-69290941ec70)]`;

exports[`NedbankApiService createOrder should throw an error if httpsAgent is not defined 1`] = `[NedbankError: Nedbank certificate has not been read. It could be that NEDBANK_CERTIFICATE_PATH or NEDBANK_CERTIFICATE_PASSWORD are not set or that certificate has not been uploaded to the server. Please contact 121 support]`;

exports[`NedbankApiService getOrder should throw an error if get order fails 1`] = `[NedbankError: Errors: Request Validation Error - TPP account configuration mismatch (Message: NB.APIM.Field.Invalid, Code: NB.APIM.Field.Invalid, Id: 1d3e3076-9e1c-4933-aa7f-69290941ec70)]`;
