// Jest Snapshot v1, https://jestjs.io/docs/snapshot-testing

exports[`/ Users / Roles Should get all users 1`] = `
[
  "program-admin@example.org",
  "view-user@example.org",
  "kobo+registration_country@example.org",
  "kobo+validation_country@example.org",
  "cva-manager@example.org",
  "cva-officer@example.org",
  "finance-manager@example.org",
  "finance-officer@example.org",
  "view-no-pii@example.org",
  "admin@example.org",
]
`;

exports[`/ Users / Roles Should return all user roles 1`] = `
[
  "admin",
  "program-admin",
  "view",
  "kobo-registration-user",
  "kobo-validation-user",
  "cva-manager",
  "cva-officer",
  "finance-manager",
  "finance-officer",
  "view-without-PII",
]
`;

exports[`/ Users / Roles should not create a role when the role already exists 1`] = `"{"statusCode":409,"message":"Role already exists: test-manager"}"`;

exports[`/ Users / Roles should not create a role when using a permission that does not exist 1`] = `"{"statusCode":400,"message":"Permission not valid: program.make-up-my-own-permission"}"`;
