// Jest Snapshot v1, https://goo.gl/fbAQLP

exports[`Do payment with Excel FSP Export FSP instructions Should return specified columns on Get FSP instruction with Excel-FSP when "columnsToExport" is set 1`] = `
[
  {
    "data": [
      {
        "amount": 20,
        "dob": "31-08-1990",
        "dragon": "1",
        "name": "John Snow",
        "phoneNumber": "14155235554",
        "referenceId": "westeros123456789",
      },
      {
        "amount": 10,
        "dob": "31-08-1990",
        "dragon": "0",
        "name": "Arya Stark",
        "phoneNumber": "14155235555",
        "referenceId": "westeros987654321",
      },
    ],
    "fileNamePrefix": "ironBank",
    "fileType": "excel",
  },
  {
    "data": [
      {
        "amount": 10,
        "dob": "31-08-1990",
        "dragon": "0",
        "name": "Jaime Lannister",
        "phoneNumber": "14155235556",
        "referenceId": "westeros987654322",
      },
    ],
    "fileNamePrefix": "gringotts",
    "fileType": "excel",
  },
]
`;

exports[`Do payment with Excel FSP Import FSP reconciliation data should give me a CSV template when I request it 1`] = `
[
  {
    "name": "ironBank",
    "template": [
      "phoneNumber",
      "status",
    ],
  },
  {
    "name": "gringotts",
    "template": [
      "phoneNumber",
      "status",
    ],
  },
]
`;
