// Jest Snapshot v1, https://goo.gl/fbAQLP

exports[`AirtelApiService disburse authenticate calls authenticate endpoint 1`] = `
[
  {
    "name": "Content-type",
    "value": "application/json",
  },
]
`;

exports[`AirtelApiService disburse authenticate throws an AirtelApiError when authentication call fails because of network error 1`] = `"Airtel API Error: authentication failed: Network error"`;

exports[`AirtelApiService disburse authenticate throws an AirtelApiError when authentication call fails because of unknown response 1`] = `"Airtel API Error: authentication failed: unclear response from Airtel API"`;

exports[`AirtelApiService disburse authenticate throws an AirtelApiError when authentication was unsuccessful because of invalid secrets 1`] = `"Airtel API Error: authentication failed: invalid_client - Invalid client authentication"`;

exports[`AirtelApiService disburse authenticated throws an AirtelApiError when there's a network error 1`] = `"Airtel API Error: disburse failed, could not complete request: Network error"`;

exports[`AirtelApiService enquire calls authenticate endpoint 1`] = `
[
  {
    "name": "Content-type",
    "value": "application/json",
  },
]
`;

exports[`AirtelApiService enquire correctly calls enquire endpoint 1`] = `
{
  "message": "SUCCESS (DP00900001001)",
  "result": "success",
}
`;

exports[`AirtelApiService enquire correctly calls enquire endpoint 2`] = `
[
  "http://mock-service:3001/api/fsp/airtel/standard/v2/disbursements/mock-transaction-id?transactionType=B2C",
  [
    {
      "name": "Accept",
      "value": "*/*",
    },
    {
      "name": "Authorization",
      "value": "Bearer mock-access-token",
    },
    {
      "name": "Content-type",
      "value": "application/json",
    },
    {
      "name": "X-country",
      "value": "ZM",
    },
    {
      "name": "X-currency",
      "value": "ZMW",
    },
  ],
]
`;

exports[`AirtelApiService enquire throws an AirtelApiError when there's a network error 1`] = `"Airtel API Error: enquire failed, could not complete request: Network error"`;
