// Jest Snapshot v1, https://jestjs.io/docs/snapshot-testing

exports[`CooperativeBankOfOromiaApiService authentication flow should fail if authenticate returns error response 1`] = `"CooperativeBankOfOromia API Error: authentication failed: invalid_client - Error decoding authorization header. Last unit does not have enough valid bits"`;
