// Jest Snapshot v1, https://jestjs.io/docs/snapshot-testing

exports[`Do payment with FSP: CooperativeBankOfOromia should successfully handle an error in the expected format during the payment 1`] = `"CooperativeBankOfOromia Error: Error description: Invalid account number., Error Code: T24Error, Message: CREDIT.ACCT.NO:1:1=Bucket Error E-110980CREDIT.ACCT.NO:1:1=Bucket Error E-113962DEBIT.ACCT.NO:1:1=Bucket Error E-156260"`;

exports[`Do payment with FSP: CooperativeBankOfOromia should successfully handle an unexpected error during the payment 1`] = `"CooperativeBankOfOromia Error: Unknown error occurred"`;
