// Jest Snapshot v1, https://jestjs.io/docs/snapshot-testing

exports[`Manage FSP-configurations should not delete existing program FSP-configuration because of active registrations with that config 1`] = `
{
  "message": "Cannot delete program FSP-configuration Commercial-bank-ethiopia because it is still in use by registrations with referenceIds: cbe-active-registrations",
  "statusCode": 409,
}
`;
